METODA  ODRZUCANIA

Data ..........
Obliczenia wykonano dla pliku : .dat


Obliczenia wykonano dla :
    25 punktow
    7 zmiennych
 Nr          FPS      KOS     UDZ     WIK     BEC     MOC     ZEG     PRP
   1    0.1940   -0.3390 -0.0830 -1.3670 -1.2170 -1.0330  0.8930 -0.3620
   2   -0.0210   -0.3130 -0.0940 -0.7850  0.8450 -0.4120 -0.1180  0.0550
   3   -0.1960    0.1140 -0.0810  0.2140  1.5630 -0.2990  0.4910 -0.1240
   4   -0.1960   -0.1970 -0.0850 -0.2850  1.1280 -0.5250 -0.0140 -0.0520
   5    2.0830    2.5250 -0.0740 -1.1800 -1.1550  2.7510  1.5120  1.8630
   6   -0.8090   -0.9140 -0.0580  0.7130  1.3380 -0.6610 -0.8260 -0.6250
   7   -1.2760   -1.1550  0.2200  1.2120 -0.0790 -0.7510 -1.0400 -1.1530
   8   -1.3710    0.2890 -2.8230  1.7120 -1.5110  0.4240 -1.7780 -0.8210
   9   -1.2760   -1.5040  3.0020  0.4640 -0.4420 -1.4850 -0.6910 -1.6890
  10    1.3470    1.7200 -0.0540 -1.2010 -1.2370  1.2820  1.4710  1.2240
  11   -0.3840   -0.5090 -0.0340 -1.0340 -0.7950 -0.8640  0.3830 -0.6270
  12   -0.4170   -1.5250 -0.0830  0.2140  1.8480 -0.6380  0.2900 -0.4450
  13   -0.6960    0.4450  0.0900  0.7130  0.1310 -0.4690 -0.6070 -0.6250
  14   -1.4200   -0.8930 -1.7780  1.7120 -1.0190 -0.5250 -2.1940 -1.6310
  15   -1.4200   -1.7740  0.8840  1.2120 -0.4780 -1.5980 -0.8030 -1.6910
  16    0.5310    0.2040 -0.0900 -0.7850  1.0960  0.1530  0.2780  0.4050
  17    0.9250    0.5320 -0.0840  0.9630 -0.7700 -0.0730  1.0420  0.6030
  18   -0.9690   -0.1760  1.7080  0.9630 -0.7020  0.4920 -1.4330 -0.2780
  19    1.2980    1.0470 -0.0770 -1.2420 -0.7620  0.8870  1.6150  0.6030
  20    1.0560    0.7400 -0.0640 -1.0340  0.0790  1.6210 -0.0140  1.6730
  21    0.3200   -0.1270 -0.0880 -0.7850  0.8370 -0.0730  0.0860  0.4050
  22    0.6190    0.2590 -0.0500 -0.2850  0.6790  0.4920 -0.0480  0.9510
  23    0.9250    0.5320 -0.0840  0.9630 -0.7700 -0.0730  1.0420  0.6030
  24    0.2450    0.1400 -0.0380 -0.2850  0.5880  0.0960  0.3090  0.4050
  25    0.9060    0.8800 -0.0840 -0.7850  0.8050  1.2820  0.1520  1.3320


  MACIERZ  KORELACJI :

KOS   1.000
UDZ  -0.257   1.000
WIK  -0.489  -0.120   1.000
BEC  -0.283   0.115  -0.120   1.000
MOC   0.888  -0.240  -0.434  -0.176   1.000
ZEG   0.598   0.115  -0.713  -0.018   0.401   1.000
PRP   0.848  -0.113  -0.652   0.065   0.854   0.689   1.000

akt        0.831  -0.055  -0.717  -0.047   0.749   0.862   0.938




--------------------------------------------------

   ROZWIAZANIE ROWNANIA REGRESJI

             wspolczynniki           odchylenie      istotnosc
  wspol[0]        =      -0.0000        0.0789        -2.1093
  wspol[     KOS] =      -0.0171        0.2475        -1.9643
  wspol[     UDZ] =      -0.0208        0.0900        -1.6227
  wspol[     WIK] =      -0.0161        0.1247        -1.8368
  wspol[     BEC] =      -0.0781        0.1083        -0.5891
  wspol[     MOC] =       0.0371        0.2589        -1.8075
  wspol[     ZEG] =       0.4153        0.1684         3.0946
  wspol[     PRP] =       0.6260        0.2786         2.6316



Odchyl. stand. zm. zaleznej =   0.1870
wartosc testu F =  95.5575
wsp. determinacji =  0.9752
wsp. korelacji = 0.9875




----------------------------------------------

   ZMIENNA  ZALEZNA

  znaleziona   obliczona      roznica
      0.1940      0.2305    -3.6E-0002
     -0.0210     -0.0759     5.5E-0002
     -0.1960     -0.0105    -1.9E-0001
     -0.1960     -0.1362    -6.0E-0002
      2.0830      1.9638     1.2E-0001
     -0.8090     -0.8580     4.9E-0002
     -1.2760     -1.1798    -9.6E-0002
     -1.3710     -1.0927    -2.8E-0001
     -1.2760     -1.4091     1.3E-0001
      1.3470      1.5124    -1.7E-0001
     -0.3840     -0.1774    -2.1E-0001
     -0.4170     -0.3017    -1.2E-0001
     -0.6960     -0.6920    -4.0E-0003
     -1.4200     -1.8476     4.3E-0001
     -1.4200     -1.4217     1.7E-0003
      0.5310      0.3001     2.3E-0001
      0.9250      0.8447     8.0E-0002
     -0.9690     -0.7442    -2.2E-0001
      1.2980      1.1443     1.5E-0001
      1.0560      1.1008    -4.5E-0002
      0.3200      0.2378     8.2E-0002
      0.6190      0.5418     7.7E-0002
      0.9250      0.8447     8.0E-0002
      0.2450      0.3425    -9.8E-0002
      0.9060      0.8810     2.5E-0002


--------------------------------------------------

   ROZWIAZANIE ROWNANIA REGRESJI

             wspolczynniki           odchylenie      istotnosc
  wspol[0]        =      -0.0000        0.0764        -2.1004
  wspol[     PRP] =       0.6223        0.2648         2.8371
  wspol[     UDZ] =      -0.0190        0.0836        -1.6228
  wspol[     WIK] =      -0.0171        0.1200        -1.8016
  wspol[     BEC] =      -0.0751        0.0962        -0.4617
  wspol[     MOC] =       0.0275        0.2110        -1.8277
  wspol[     ZEG] =       0.4107        0.1494         3.6725



Odchyl. stand. zm. zaleznej =   0.1819
wartosc testu F = 117.8909
wsp. determinacji =  0.9752
wsp. korelacji = 0.9875




----------------------------------------------

   ZMIENNA  ZALEZNA

  znaleziona   obliczona      roznica
      0.1940      0.2294    -3.5E-0002
     -0.0210     -0.0738     5.3E-0002
     -0.1960     -0.0032    -1.9E-0001
     -0.1960     -0.1308    -6.5E-0002
      2.0830      1.9641     1.2E-0001
     -0.8090     -0.8579     4.9E-0002
     -1.2760     -1.1843    -9.2E-0002
     -1.3710     -1.0916    -2.8E-0001
     -1.2760     -1.4076     1.3E-0001
      1.3470      1.5154    -1.7E-0001
     -0.3840     -0.1786    -2.1E-0001
     -0.4170     -0.3162    -1.0E-0001
     -0.6960     -0.6749    -2.1E-0002
     -1.4200     -1.8494     4.3E-0001
     -1.4200     -1.4277     7.7E-0003
      0.5310      0.3032     2.3E-0001
      0.9250      0.8441     8.1E-0002
     -0.9690     -0.7443    -2.2E-0001
      1.2980      1.1427     1.6E-0001
      1.0560      1.0928    -3.7E-0002
      0.3200      0.2376     8.2E-0002
      0.6190      0.5404     7.9E-0002
      0.9250      0.8441     8.1E-0002
      0.2450      0.3430    -9.8E-0002
      0.9060      0.8811     2.5E-0002


--------------------------------------------------

   ROZWIAZANIE ROWNANIA REGRESJI

             wspolczynniki           odchylenie      istotnosc
  wspol[0]        =      -0.0000        0.0743        -2.0925
  wspol[     PRP] =       0.6531        0.1160         9.6882
  wspol[     UDZ] =      -0.0202        0.0808        -1.5698
  wspol[     WIK] =      -0.0173        0.1166        -1.7827
  wspol[     BEC] =      -0.0820        0.0780         0.1074
  wspol[     ZEG] =       0.4004        0.1231         4.7159



Odchyl. stand. zm. zaleznej =   0.1774
wartosc testu F = 148.6955
wsp. determinacji =  0.9751
wsp. korelacji = 0.9875




----------------------------------------------

   ZMIENNA  ZALEZNA

  znaleziona   obliczona      roznica
      0.1940      0.2462    -5.2E-0002
     -0.0210     -0.0652     4.4E-0002
     -0.1960     -0.0146    -1.8E-0001
     -0.1960     -0.1254    -7.1E-0002
      2.0830      1.9386     1.4E-0001
     -0.8090     -0.8597     5.1E-0002
     -1.2760     -1.1883    -8.8E-0002
     -1.3710     -1.0967    -2.7E-0001
     -1.2760     -1.4121     1.4E-0001
      1.3470      1.5115    -1.6E-0001
     -0.3840     -0.1724    -2.1E-0001
     -0.4170     -0.3281    -8.9E-0002
     -0.6960     -0.6761    -2.0E-0002
     -1.4200     -1.8537     4.3E-0001
     -1.4200     -1.4255     5.5E-0003
      0.5310      0.3013     2.3E-0001
      0.9250      0.8591     6.6E-0002
     -0.9690     -0.7489    -2.2E-0001
      1.2980      1.1259     1.7E-0001
      1.0560      1.0996    -4.4E-0002
      0.3200      0.2456     7.4E-0002
      0.6190      0.5521     6.7E-0002
      0.9250      0.8591     6.6E-0002
      0.2450      0.3457    -1.0E-0001
      0.9060      0.8800     2.6E-0002


--------------------------------------------------

   ROZWIAZANIE ROWNANIA REGRESJI

             wspolczynniki           odchylenie      istotnosc
  wspol[0]        =      -0.0000        0.0723        -2.0854
  wspol[     PRP] =       0.6587        0.1069        10.7713
  wspol[     UDZ] =      -0.0187        0.0780        -1.5874
  wspol[     ZEG] =       0.4087        0.1066         5.9091
  wspol[     BEC] =      -0.0803        0.0751         0.1435



Odchyl. stand. zm. zaleznej =   0.1733
wartosc testu F = 194.6391
wsp. determinacji =  0.9750
wsp. korelacji = 0.9874




----------------------------------------------

   ZMIENNA  ZALEZNA

  znaleziona   obliczona      roznica
      0.1940      0.2258    -3.2E-0002
     -0.0210     -0.0781     5.7E-0002
     -0.1960     -0.0050    -1.9E-0001
     -0.1960     -0.1290    -6.7E-0002
      2.0830      1.9391     1.4E-0001
     -0.8090     -0.8556     4.7E-0002
     -1.2760     -1.1822    -9.4E-0002
     -1.3710     -1.0934    -2.8E-0001
     -1.2760     -1.4154     1.4E-0001
      1.3470      1.5077    -1.6E-0001
     -0.3840     -0.1920    -1.9E-0001
     -0.4170     -0.3214    -9.6E-0002
     -0.6960     -0.6720    -2.4E-0002
     -1.4200     -1.8560     4.4E-0001
     -1.4200     -1.4201     9.6E-0005
      0.5310      0.2940     2.4E-0001
      0.9250      0.8864     3.9E-0002
     -0.9690     -0.7443    -2.2E-0001
      1.2980      1.1198     1.8E-0001
      1.0560      1.0910    -3.5E-0002
      0.3200      0.2363     8.4E-0002
      0.6190      0.5532     6.6E-0002
      0.9250      0.8864     3.9E-0002
      0.2450      0.3465    -1.0E-0001
      0.9060      0.8764     3.0E-0002


--------------------------------------------------

   ROZWIAZANIE ROWNANIA REGRESJI

             wspolczynniki           odchylenie      istotnosc
  wspol[0]        =      -0.0000        0.0708        -2.0791
  wspol[     PRP] =       0.6659        0.1003        11.7238
  wspol[     BEC] =      -0.0830        0.0727         0.2963
  wspol[     ZEG] =       0.4015        0.1001         6.2581



Odchyl. stand. zm. zaleznej =   0.1702
wartosc testu F = 269.0623
wsp. determinacji =  0.9746
wsp. korelacji = 0.9872




----------------------------------------------

   ZMIENNA  ZALEZNA

  znaleziona   obliczona      roznica
      0.1940      0.2185    -2.5E-0002
     -0.0210     -0.0809     6.0E-0002
     -0.1960     -0.0153    -1.8E-0001
     -0.1960     -0.1339    -6.2E-0002
      2.0830      1.9435     1.4E-0001
     -0.8090     -0.8589     5.0E-0002
     -1.2760     -1.1788    -9.7E-0002
     -1.3710     -1.1351    -2.4E-0001
     -1.2760     -1.3654     8.9E-0002
      1.3470      1.5084    -1.6E-0001
     -0.3840     -0.1977    -1.9E-0001
     -0.4170     -0.3334    -8.4E-0002
     -0.6960     -0.6708    -2.5E-0002
     -1.4200     -1.8824     4.6E-0001
     -1.4200     -1.4088    -1.1E-0002
      0.5310      0.2903     2.4E-0001
      0.9250      0.8838     4.1E-0002
     -0.9690     -0.7022    -2.7E-0001
      1.2980      1.1132     1.8E-0001
      1.0560      1.1018    -4.6E-0002
      0.3200      0.2347     8.5E-0002
      0.6190      0.5576     6.1E-0002
      0.9250      0.8838     4.1E-0002
      0.2450      0.3449    -1.0E-0001
      0.9060      0.8811     2.5E-0002

