
A N A L I Z A   C Z Y N N I K O W

NAZWA ZESTAWU : PCANVIDI

DATA . . . . . . .






   M A C I E R Z    K O R E L A C J I 


KOS   0.9600
UDZ  -0.2464   0.9599
WIK  -0.4699  -0.1154   0.9599
BEC  -0.2717   0.1103  -0.1156   0.9601
MOC   0.8523  -0.2305  -0.4162  -0.1692   0.9597
ZEG   0.5740   0.1108  -0.6850  -0.0177   0.3850   0.9601
PRP   0.8144  -0.1082  -0.6259   0.0621   0.8198   0.6620   0.9603
FPS   0.7973  -0.0527  -0.6878  -0.0455   0.7188   0.8278   0.9001



   0.9598


       G L O W N E     S K L A D O W E

Odchylenie  ogolne =       0.98

wartosci wlasne:    4.4224    1.3841    0.8943    0.5316    0.3005    0.0856    0.0468    0.0145    0.0000
% informacji         57.58     18.02     11.64      6.92      3.91      1.11      0.61      0.19      0.00
sumaryczny %         57.58     75.61     87.25     94.17     98.09     99.20     99.81    100.00    100.00
resztowe od.sta.    0.6822    0.5588    0.4425    0.3345    0.2213    0.1751    0.1203    0.0000    0.0000
Za istotne uznano 3 skladowe !



            Ladunki skladowych                     Dlugosc skladowych
    0.8872   -0.3141   -0.0448            0.9423
   -0.1154    0.7056   -0.5274            0.8884
   -0.7270   -0.4232    0.0179            0.8414
   -0.0892    0.6125    0.7404            0.9651
    0.8250   -0.3297    0.0886            0.8928
    0.7864    0.3391   -0.1809            0.8753
    0.9359    0.0239    0.1567            0.9493
    0.9542    0.0949   -0.0206            0.9591


            Ladunki skladowych                     Dlugosc skladowych
    0.8738   -0.2369   -0.2610            0.9423
   -0.0979    0.8828    0.0217            0.8884
   -0.7420   -0.3308   -0.2189            0.8414
   -0.0530    0.0293    0.9632            0.9651
    0.8134   -0.3301   -0.1631            0.8928
    0.7954    0.3637    0.0365            0.8753
    0.9388   -0.0953    0.1036            0.9493
    0.9566    0.0694    0.0067            0.9591


W Y L I C Z O N E   C Z Y N N I K I :

        czyn 1   czyn 2   czyn 3   
RTX4060    0.507    1.138   -0.621
RTX3060   -0.124    0.362    1.134
GTX1080   -0.291    0.152    1.480
RTX2060   -0.686    0.259    1.277
RTX4090   10.332   -0.698   -1.701
GTX970   -3.948   -0.110    1.377
GTX660   -5.667   -0.044   -0.079
GTX580   -3.813   -3.974   -2.195
GTX960M   -6.493    3.152   -0.036
RTX4080    7.116   -0.005   -1.398
RTX3050   -0.986    0.867   -0.320
GTX1070   -2.686    0.601    2.195
GTX980   -2.273   -0.313   -0.159
GTX460   -6.884   -2.522   -1.335
GTX650   -7.395    1.084   -0.197
RTX3070    1.945    0.213    1.203
RTX4070    2.020   -0.131   -0.974
GTX780   -2.926    0.486   -0.972
RTX4070T    5.698    0.400   -0.751
RTX3080T    5.304   -0.514    0.023
RTX3060T    1.131    0.276    1.068
RTX2080T    2.254   -0.219    0.668
RTX4070    2.020   -0.131   -0.974
RTX2080    1.245    0.104    0.631
RTX3080    4.598   -0.431    0.656
